// Jest Snapshot v1, https://goo.gl/fbAQLP

exports[`Header component renders Header 1`] = `
<header>
  <i
    className="fas fa-server"
  />
  <h1
    className="Header"
  >
    Patchwoman
  </h1>
</header>
`;
